<html>
<body>
<pre>
<h1>µVision Build Log</h1>
<h2>Tool Versions:</h2>
IDE-Version: µVision V5.26.2.0
Copyright (C) 2018 ARM Ltd and ARM Germany GmbH. All rights reserved.
License Information: Mateusz Kapa³a, AGH, LIC=----
 
Tool Versions:
Toolchain:       MDK-Lite  Version: 5.26.2.0
Toolchain Path:  C:\Keil_v5\ARM\ARMCC\Bin
C Compiler:      Armcc.exe V5.06 update 6 (build 750)
Assembler:       Armasm.exe V5.06 update 6 (build 750)
Linker/Locator:  ArmLink.exe V5.06 update 6 (build 750)
Library Manager: ArmAr.exe V5.06 update 6 (build 750)
Hex Converter:   FromElf.exe V5.06 update 6 (build 750)
CPU DLL:         SARMCM3.DLL V5.26.2.0
Dialog DLL:      DCM.DLL V1.17.2.0
Target DLL:      STLink\ST-LINKIII-KEIL_SWO.dll V3.0.5.0
Dialog DLL:      TCM.DLL V1.36.1.0
 
<h2>Project:</h2>
C:\Dev_stm32\designlabv2\designlabv2.uvprojx
Project File Date:  01/22/2019

<h2>Output:</h2>
*** Using Compiler 'V5.06 update 6 (build 750)', folder: 'C:\Keil_v5\ARM\ARMCC\Bin'
Build target 'DesignLab'
compiling main.c...
main.c(16): warning:  #177-D: variable "CardID"  was declared but never referenced
  		uint8_t CardID[4];
main.c(17): warning:  #177-D: variable "status"  was declared but never referenced
  		uint8_t status;			
main.c(18): warning:  #177-D: variable "data"  was declared but never referenced
  		rtcDate data;
main.c(19): warning:  #177-D: variable "czas"  was declared but never referenced
  		rtcTime czas;
main.c: 4 warnings, 0 errors
compiling uart.c...
uart.c(81): warning:  #223-D: function "sprintf" declared implicitly
  	sprintf(buffer, "%d", statusUART1);
uart.c: 1 warning, 0 errors
compiling rc522.c...
rc522.c(72): warning:  #223-D: function "sprintf" declared implicitly
  	sprintf(buffer, "%x", temp);
rc522.c(247): warning:  #223-D: function "sprintf" declared implicitly
  	sprintf(buffer, "%x", UID[i]);
rc522.c(257): warning:  #223-D: function "sprintf" declared implicitly
  	sprintf(buffer, "%x%x%x%x", UID[0],UID[1],UID[2],UID[3]);
rc522.c: 3 warnings, 0 errors
linking...
Program Size: Code=2418 RO-data=462 RW-data=12 ZI-data=1636  
".\Objects\designlabv2.axf" - 0 Error(s), 8 Warning(s).

<h2>Software Packages used:</h2>

Package Vendor: ARM
                http://www.keil.com/pack/ARM.CMSIS.5.4.0.pack
                ARM.CMSIS.5.4.0
                CMSIS (Cortex Microcontroller Software Interface Standard)
   * Component: CORE Version: 5.1.2

Package Vendor: Keil
                http://www.keil.com/pack/Keil.STM32F4xx_DFP.2.13.0.pack
                Keil.STM32F4xx_DFP.2.13.0
                STMicroelectronics STM32F4 Series Device Support, Drivers and Examples
   * Component: Startup Version: 2.6.2

<h2>Collection of Component include folders:</h2>
  .\RTE\_DesignLab
  C:\Keil_v5\ARM\PACK\ARM\CMSIS\5.4.0\CMSIS\Core\Include
  C:\Keil_v5\ARM\PACK\Keil\STM32F4xx_DFP\2.13.0\Drivers\CMSIS\Device\ST\STM32F4xx\Include

<h2>Collection of Component Files used:</h2>

   * Component: ARM::CMSIS:CORE:5.1.2

   * Component: Keil::Device:Startup:2.6.2
      Source file:   Drivers\CMSIS\Device\ST\STM32F4xx\Source\Templates\arm\startup_stm32f401xe.s
      Source file:   MDK\Device\Source\ARM\STM32F401xx_OPT.s
      Include file:  Drivers\CMSIS\Device\ST\STM32F4xx\Include\stm32f4xx.h
      Source file:   MDK\Device\Source\ARM\STM32F4xx_OTP.s
      Source file:   Drivers\CMSIS\Device\ST\STM32F4xx\Source\Templates\system_stm32f4xx.c
Build Time Elapsed:  00:00:01
</pre>
</body>
</html>
